
[1m[46m RUN [49m[22m [36mv4.0.18 [39m[90mc:/Users/11581/Downloads/sport-lottery-sweeper[39m


[2m Test Files [22m [1m[31m1 failed[39m[22m[90m (1)[39m
[2m      Tests [22m [2mno tests[22m
[2m   Start at [22m 17:59:58
[2m   Duration [22m 805ms[2m (transform 111ms, setup 0ms, import 0ms, tests 0ms, environment 0ms)[22m

