npm error Missing script: "test:run"
npm error
npm error To see a list of scripts, run:
npm error   npm run
npm error A complete log of this run can be found in: C:\Users\11581\AppData\Local\npm-cache\_logs\2026-01-29T04_21_18_281Z-debug-0.log
